nohup: ignoring input
Loading required package: Matrix
Loading required package: MASS
Loading required package: biglm
Loading required package: DBI
[1] 0
